🚀 بدء اختبار شامل لـ 205 أداة...

الإجمالي: 205 أداة

✅ [1/205] JPG to PNG Converter
✅ [2/205] PNG to JPG Converter
✅ [3/205] WebP to JPG Converter
✅ [4/205] JPG to WebP Converter
✅ [5/205] PNG to WebP Converter
✅ [6/205] WebP to PNG Converter
✅ [7/205] HEIC to JPG Converter
✅ [8/205] HEIC to PNG Converter
✅ [9/205] BMP to JPG Converter
✅ [10/205] BMP to PNG Converter
✅ [11/205] TIFF to JPG Converter
✅ [12/205] TIFF to PNG Converter
✅ [13/205] GIF to JPG Converter
✅ [14/205] GIF to PNG Converter
✅ [15/205] SVG to JPG Converter
✅ [16/205] SVG to PNG Converter
✅ [17/205] AVIF to JPG Converter
✅ [18/205] AVIF to PNG Converter
✅ [19/205] ICO to JPG Converter
✅ [20/205] ICO to PNG Converter
✅ [21/205] JPG to GIF Converter
✅ [22/205] PNG to GIF Converter
✅ [23/205] JPG to ICO Converter
✅ [24/205] PNG to ICO Converter
✅ [25/205] JPG to AVIF Converter
✅ [26/205] PNG to AVIF Converter
✅ [27/205] JPG to BMP Converter
✅ [28/205] PNG to BMP Converter
✅ [29/205] WebP to GIF Converter
✅ [30/205] WebP to AVIF Converter
✅ [31/205] GIF to WebP Converter
✅ [32/205] AVIF to WebP Converter
✅ [33/205] Image Resizer
✅ [34/205] Compress JPG
✅ [35/205] Compress PNG
✅ [36/205] Image Cropper
✅ [37/205] Image to Base64
✅ [38/205] Base64 to Image
✅ [39/205] EXIF Data Remover
✅ [40/205] Favicon Generator
✅ [41/205] Color Palette Extractor
✅ [42/205] Image to Grayscale
✅ [43/205] PDF to JPG Converter
✅ [44/205] PDF to PNG Converter
✅ [45/205] PDF to WebP Converter
✅ [46/205] PDF to Text Extractor
✅ [47/205] PDF Metadata Viewer
✅ [48/205] JPG to PDF Converter
✅ [49/205] PNG to PDF Converter
✅ [50/205] Images to PDF Converter
✅ [51/205] Word to PDF Converter
✅ [52/205] HTML to PDF Converter
✅ [53/205] Merge PDF Files
✅ [54/205] Split PDF File
✅ [55/205] Compress PDF
✅ [56/205] Rotate PDF Pages
✅ [57/205] Add Watermark to PDF
✅ [58/205] PDF Page Numbering
✅ [59/205] Reorder PDF Pages
✅ [60/205] Remove PDF Password
✅ [61/205] Word Counter
✅ [62/205] Character Counter
✅ [63/205] Line Counter
✅ [64/205] Remove Duplicate Lines
✅ [65/205] Sort Lines A-Z
✅ [66/205] Reverse Text Generator
✅ [67/205] Case Converter
✅ [68/205] Remove Extra Spaces
✅ [69/205] Text to URL Slug
✅ [70/205] Remove Line Breaks
✅ [71/205] Add Line Numbers
✅ [72/205] Text Diff Checker
✅ [73/205] Find and Replace Text
✅ [74/205] Lorem Ipsum Generator
✅ [75/205] Random Text Generator
✅ [76/205] Text to ASCII Art
✅ [77/205] Fancy Text Generator
✅ [78/205] Morse Code Translator
✅ [79/205] Reading Time Estimator
✅ [80/205] Text Repeater
✅ [81/205] Upside Down Text
✅ [82/205] Mirror Text Generator
✅ [83/205] JSON Formatter & Validator
✅ [84/205] JSON Minifier
✅ [85/205] JSON to CSV Converter
✅ [86/205] JSON to XML Converter
✅ [87/205] JSON to YAML Converter
✅ [88/205] CSV to JSON Converter
✅ [89/205] XML to JSON Converter
✅ [90/205] YAML to JSON Converter
✅ [91/205] JSON Schema Validator
✅ [92/205] HTML Formatter
✅ [93/205] HTML Minifier
✅ [94/205] CSS Formatter
✅ [95/205] CSS Minifier
✅ [96/205] JavaScript Minifier
✅ [97/205] SQL Formatter
✅ [98/205] HTML Entities Encoder
✅ [99/205] HTML Entities Decoder
✅ [100/205] Base64 Encoder
✅ [101/205] Base64 Decoder
✅ [102/205] URL Encoder
✅ [103/205] URL Decoder
✅ [104/205] MD5 Hash Generator
✅ [105/205] SHA-256 Hash Generator
✅ [106/205] SHA-512 Hash Generator
✅ [107/205] JWT Decoder
✅ [108/205] UUID / GUID Generator
✅ [109/205] Regex Tester
✅ [110/205] Markdown to HTML
✅ [111/205] HEX to RGB Converter
✅ [112/205] RGB to HEX Converter
✅ [113/205] HEX to HSL Converter
✅ [114/205] HSL to HEX Converter
✅ [115/205] CMYK to RGB Converter
✅ [116/205] RGB to CMYK Converter
✅ [117/205] Color Picker Tool
✅ [118/205] CSS Gradient Generator
✅ [119/205] Color Palette Generator
✅ [120/205] Color Contrast Checker
✅ [121/205] Box Shadow Generator
✅ [122/205] Glassmorphism Generator
✅ [123/205] Neumorphism Generator
✅ [124/205] Border Radius Generator
✅ [125/205] Text Shadow Generator
✅ [126/205] Binary to Decimal
✅ [127/205] Decimal to Binary
✅ [128/205] Hex to Decimal
✅ [129/205] Decimal to Hex
✅ [130/205] Octal to Decimal
✅ [131/205] Decimal to Octal
✅ [132/205] Scientific Calculator
✅ [133/205] Percentage Calculator
✅ [134/205] BMI Calculator
✅ [135/205] Compound Interest Calc
✅ [136/205] Random Number Generator
✅ [137/205] Average Calculator
✅ [138/205] Unix Timestamp Converter
✅ [139/205] Time Zone Converter
✅ [140/205] Date Difference Calculator
✅ [141/205] Age Calculator
✅ [142/205] Days Until Date Counter
✅ [143/205] Countdown Timer
✅ [144/205] Calendar Generator
✅ [145/205] Week Number Calculator
✅ [146/205] Working Days Calculator
✅ [147/205] Pomodoro Timer
✅ [148/205] Length Converter
✅ [149/205] Weight Converter
✅ [150/205] Temperature Converter
✅ [151/205] Area Converter
✅ [152/205] Volume Converter
✅ [153/205] Speed Converter
✅ [154/205] Data Storage Converter
✅ [155/205] Currency Converter
✅ [156/205] Fuel Efficiency Converter
✅ [157/205] Pressure Converter
✅ [158/205] Energy Converter
✅ [159/205] Angle Converter
✅ [160/205] Shoe Size Converter
✅ [161/205] Clothing Size Converter
✅ [162/205] Screen Resolution Calc
✅ [163/205] Aspect Ratio Calculator
✅ [164/205] Meta Tags Generator
✅ [165/205] Robots.txt Generator
✅ [166/205] Sitemap XML Generator
✅ [167/205] UTM Link Builder
✅ [168/205] URL Slug Generator
✅ [169/205] Open Graph Generator
✅ [170/205] Twitter Card Generator
✅ [171/205] Canonical URL Generator
✅ [172/205] Keyword Density Checker
✅ [173/205] Word Count for SEO
✅ [174/205] HTML to Markdown
✅ [175/205] HTTP Status Codes
✅ [176/205] hreflang Generator
✅ [177/205] Schema Markup Generator
✅ [178/205] Password Generator
✅ [179/205] Password Strength Checker
✅ [180/205] Random PIN Generator
✅ [181/205] Privacy Policy Generator
✅ [182/205] Terms & Conditions Gen
✅ [183/205] Cookie Policy Generator
✅ [184/205] Hash Type Identifier
✅ [185/205] IP Address Lookup
✅ [186/205] CSV Viewer & Editor
✅ [187/205] Markdown Table Generator
✅ [188/205] HTML Table to CSV
✅ [189/205] CSV to HTML Table
✅ [190/205] JSON Tree Viewer
✅ [191/205] Fake Data Generator
✅ [192/205] QR Code Generator
✅ [193/205] QR Code Reader
✅ [194/205] Barcode Generator
✅ [195/205] vCard Generator
⚠️  [196/205] WhatsApp Link Generator - JS ناقص
⚠️  [197/205] Emoji to Unicode - JS ناقص
⚠️  [198/205] Unicode to Emoji - JS ناقص
⚠️  [199/205] Text to Binary - JS ناقص
⚠️  [200/205] Binary to Text - JS ناقص
⚠️  [201/205] Number to Words - JS ناقص
⚠️  [202/205] Roman Numeral Converter - JS ناقص
⚠️  [203/205] Screen Resolution Detector - JS ناقص
⚠️  [204/205] Browser Info Detector - JS ناقص
⚠️  [205/205] Internet Speed Test - JS ناقص

============================================================
📊 التقرير النهائي - اختبار 205 أداة
============================================================

✅ شغالة 100%: 195 أداة
⚠️  JavaScript ناقص: 10 أداة
❌ غير موجودة (404): 0 أداة

📁 حسب الفئة:
------------------------------------------------------------
✅ Colors: 15/15 (100%)
✅ Data: 10/10 (100%)
✅ Developers: 28/28 (100%)
✅ Images: 42/42 (100%)
✅ Math: 12/12 (100%)
✅ PDF: 18/18 (100%)
✅ SEO: 14/14 (100%)
✅ Security: 8/8 (100%)
✅ Special: 10/10 (100%)
✅ Text: 22/22 (100%)
✅ Time: 10/10 (100%)
✅ Units: 16/16 (100%)

💾 تم حفظ التقرير في: comprehensive-test-report.json

⚠️  الأدوات التي تحتاج تحديث JavaScript:
------------------------------------------------------------
  • WhatsApp Link Generator (whatsapp-link-generator)
  • Emoji to Unicode (emoji-to-unicode)
  • Unicode to Emoji (unicode-to-emoji)
  • Text to Binary (text-to-binary)
  • Binary to Text (binary-to-text)
  • Number to Words (number-to-words)
  • Roman Numeral Converter (roman-numeral-converter)
  • Screen Resolution Detector (screen-resolution-detector)
  • Browser Info Detector (browser-info-detector)
  • Internet Speed Test (internet-speed-test)
